[2025-07-03 18:19:07] ⚠️ ❌ Failed to parse tool arguments as JSON for store 040, section D12: Expecting ',' delimiter: line 6 column 20 (char 118)
[2025-07-03 18:31:34] ⚠️ ❌ Failed to parse tool arguments as JSON for store 072, section C2: Expecting ',' delimiter: line 6 column 20 (char 103)
